// Jest Snapshot v1, https://goo.gl/fbAQLP

exports[`Product component should render successfully 1`] = `
ShallowWrapper {
  "length": 1,
  Symbol(enzyme.__root__): [Circular],
  Symbol(enzyme.__unrendered__): <Header />,
  Symbol(enzyme.__renderer__): Object {
    "batchedUpdates": [Function],
    "getNode": [Function],
    "render": [Function],
    "simulateEvent": [Function],
    "unmount": [Function],
  },
  Symbol(enzyme.__node__): Object {
    "instance": null,
    "key": undefined,
    "nodeType": "host",
    "props": Object {
      "children": <nav
        className="css-15lufbm-nav"
>
        <NavLink
                activeClassName="css-1wmldo3"
                aria-current="page"
                className="css-1uuek28-link"
                exact={true}
                to="/"
        >
                Home
        </NavLink>
        <NavLink
                activeClassName="css-1wmldo3"
                aria-current="page"
                className="css-1uuek28-link"
                exact={true}
                to="/Top-5"
        >
                Top 5
        </NavLink>
        <NavLink
                activeClassName="css-1wmldo3"
                aria-current="page"
                className="css-996yo3-card-link"
                exact={true}
                to="/cart"
        >
                Cart
        </NavLink>
</nav>,
      "className": "css-113lo4b-header",
    },
    "ref": null,
    "rendered": Object {
      "instance": null,
      "key": undefined,
      "nodeType": "host",
      "props": Object {
        "children": Array [
          <NavLink
            activeClassName="css-1wmldo3"
            aria-current="page"
            className="css-1uuek28-link"
            exact={true}
            to="/"
>
            Home
</NavLink>,
          <NavLink
            activeClassName="css-1wmldo3"
            aria-current="page"
            className="css-1uuek28-link"
            exact={true}
            to="/Top-5"
>
            Top 5
</NavLink>,
          <NavLink
            activeClassName="css-1wmldo3"
            aria-current="page"
            className="css-996yo3-card-link"
            exact={true}
            to="/cart"
>
            Cart
</NavLink>,
        ],
        "className": "css-15lufbm-nav",
      },
      "ref": null,
      "rendered": Array [
        Object {
          "instance": null,
          "key": undefined,
          "nodeType": "function",
          "props": Object {
            "activeClassName": "css-1wmldo3",
            "aria-current": "page",
            "children": "Home",
            "className": "css-1uuek28-link",
            "exact": true,
            "to": "/",
          },
          "ref": null,
          "rendered": "Home",
          "type": [Function],
        },
        Object {
          "instance": null,
          "key": undefined,
          "nodeType": "function",
          "props": Object {
            "activeClassName": "css-1wmldo3",
            "aria-current": "page",
            "children": "Top 5",
            "className": "css-1uuek28-link",
            "exact": true,
            "to": "/Top-5",
          },
          "ref": null,
          "rendered": "Top 5",
          "type": [Function],
        },
        Object {
          "instance": null,
          "key": undefined,
          "nodeType": "function",
          "props": Object {
            "activeClassName": "css-1wmldo3",
            "aria-current": "page",
            "children": Array [
              "Cart",
              false,
            ],
            "className": "css-996yo3-card-link",
            "exact": true,
            "to": "/cart",
          },
          "ref": null,
          "rendered": Array [
            "Cart",
            false,
          ],
          "type": [Function],
        },
      ],
      "type": "nav",
    },
    "type": "header",
  },
  Symbol(enzyme.__nodes__): Array [
    Object {
      "instance": null,
      "key": undefined,
      "nodeType": "host",
      "props": Object {
        "children": <nav
          className="css-15lufbm-nav"
>
          <NavLink
                    activeClassName="css-1wmldo3"
                    aria-current="page"
                    className="css-1uuek28-link"
                    exact={true}
                    to="/"
          >
                    Home
          </NavLink>
          <NavLink
                    activeClassName="css-1wmldo3"
                    aria-current="page"
                    className="css-1uuek28-link"
                    exact={true}
                    to="/Top-5"
          >
                    Top 5
          </NavLink>
          <NavLink
                    activeClassName="css-1wmldo3"
                    aria-current="page"
                    className="css-996yo3-card-link"
                    exact={true}
                    to="/cart"
          >
                    Cart
          </NavLink>
</nav>,
        "className": "css-113lo4b-header",
      },
      "ref": null,
      "rendered": Object {
        "instance": null,
        "key": undefined,
        "nodeType": "host",
        "props": Object {
          "children": Array [
            <NavLink
              activeClassName="css-1wmldo3"
              aria-current="page"
              className="css-1uuek28-link"
              exact={true}
              to="/"
>
              Home
</NavLink>,
            <NavLink
              activeClassName="css-1wmldo3"
              aria-current="page"
              className="css-1uuek28-link"
              exact={true}
              to="/Top-5"
>
              Top 5
</NavLink>,
            <NavLink
              activeClassName="css-1wmldo3"
              aria-current="page"
              className="css-996yo3-card-link"
              exact={true}
              to="/cart"
>
              Cart
</NavLink>,
          ],
          "className": "css-15lufbm-nav",
        },
        "ref": null,
        "rendered": Array [
          Object {
            "instance": null,
            "key": undefined,
            "nodeType": "function",
            "props": Object {
              "activeClassName": "css-1wmldo3",
              "aria-current": "page",
              "children": "Home",
              "className": "css-1uuek28-link",
              "exact": true,
              "to": "/",
            },
            "ref": null,
            "rendered": "Home",
            "type": [Function],
          },
          Object {
            "instance": null,
            "key": undefined,
            "nodeType": "function",
            "props": Object {
              "activeClassName": "css-1wmldo3",
              "aria-current": "page",
              "children": "Top 5",
              "className": "css-1uuek28-link",
              "exact": true,
              "to": "/Top-5",
            },
            "ref": null,
            "rendered": "Top 5",
            "type": [Function],
          },
          Object {
            "instance": null,
            "key": undefined,
            "nodeType": "function",
            "props": Object {
              "activeClassName": "css-1wmldo3",
              "aria-current": "page",
              "children": Array [
                "Cart",
                false,
              ],
              "className": "css-996yo3-card-link",
              "exact": true,
              "to": "/cart",
            },
            "ref": null,
            "rendered": Array [
              "Cart",
              false,
            ],
            "type": [Function],
          },
        ],
        "type": "nav",
      },
      "type": "header",
    },
  ],
  Symbol(enzyme.__options__): Object {
    "adapter": ReactSixteenAdapter {
      "options": Object {
        "enableComponentDidUpdateOnSetState": true,
      },
    },
  },
}
`;
